../Core/Src/nrf24l01p.c:10:13:cs_high	8	static
../Core/Src/nrf24l01p.c:17:13:cs_low	8	static
../Core/Src/nrf24l01p.c:24:13:ce_high	8	static
../Core/Src/nrf24l01p.c:31:13:ce_low	8	static
../Core/Src/nrf24l01p.c:40:16:read_register	32	static
../Core/Src/nrf24l01p.c:57:13:write_register	32	static
../Core/Src/nrf24l01p.c:76:13:write_MBRegister	16	static
../Core/Src/nrf24l01p.c:90:13:read_MBRegister	24	static
../Core/Src/nrf24l01p.c:103:6:nrf24l01p_prx_mode	16	static
../Core/Src/nrf24l01p.c:112:6:nrf24l01p_ptx_mode	16	static
../Core/Src/nrf24l01p.c:121:6:nrf24l01p_flush_rx_fifo	24	static
../Core/Src/nrf24l01p.c:131:6:nrf24l01p_flush_tx_fifo	24	static
../Core/Src/nrf24l01p.c:142:6:nrf24l01p_reset	24	static
../Core/Src/nrf24l01p.c:187:9:nrf24l01p_Check	24	static
../Core/Src/nrf24l01p.c:207:6:nrf24l01p_pwr_up	16	static
../Core/Src/nrf24l01p.c:217:6:nrf24l01p_pwr_down	16	static
../Core/Src/nrf24l01p.c:226:9:nrf24l01p_read_rx_fifo	32	static
../Core/Src/nrf24l01p.c:240:9:nrf24l01p_write_tx_fifo	32	static
../Core/Src/nrf24l01p.c:255:9:nrf24l01p_get_status	24	static
../Core/Src/nrf24l01p.c:268:9:nrf24l01p_get_fifo_status	8	static
../Core/Src/nrf24l01p.c:275:6:nrf24l01p_rx_set_payload_widths	16	static
../Core/Src/nrf24l01p.c:284:6:nrf24l01p_clear_rx_dr	16	static
../Core/Src/nrf24l01p.c:296:6:nrf24l01p_clear_tx_ds	16	static
../Core/Src/nrf24l01p.c:307:6:nrf24l01p_clear_max_rt	16	static
../Core/Src/nrf24l01p.c:317:6:nrf24l01p_set_crc_length	24	static
../Core/Src/nrf24l01p.c:335:6:nrf24l01p_set_adr_widths	16	static
../Core/Src/nrf24l01p.c:342:6:nrf24l01p_auto_retransmit_count	24	static
../Core/Src/nrf24l01p.c:353:6:nrf24l01p_auto_retransmit_delay	24	static
../Core/Src/nrf24l01p.c:363:6:nrf24l01p_set_rf_channel	24	static
../Core/Src/nrf24l01p.c:373:6:nrf24l01p_set_rf_tx_output_pwr	24	static
../Core/Src/nrf24l01p.c:384:6:nrf24l01p_set_rf_data_rate	24	static
../Core/Src/nrf24l01p.c:406:6:nrf24l01p_set_Rx_Pipe	24	static
../Core/Src/nrf24l01p.c:431:6:nrf24l01p_close_Pipe	24	static
../Core/Src/nrf24l01p.c:444:6:nrf24l01p_EnableAA	24	static
../Core/Src/nrf24l01p.c:456:6:nrf24l01p_DisableAA	24	static
../Core/Src/nrf24l01p.c:473:6:nrf24l01p_rx_init	16	static
../Core/Src/nrf24l01p.c:504:6:nrf24l01p_tx_init	16	static
../Core/Src/nrf24l01p.c:536:6:nrf24l01p_rx_receive	16	static
../Core/Src/nrf24l01p.c:546:6:nrf24l01p_tx_transmit	16	static
../Core/Src/nrf24l01p.c:554:6:nrf24l01p_tx_transmitMB	16	static
../Core/Src/nrf24l01p.c:563:6:nrf24l01p_tx_irq	16	static
